$ ssh -T git@github.com
Hi stonesuu! You've successfully authenticated, but GitHub does not provide shell access.
   1. =========这是测试sshkey是否成功的步骤。生成这个比较简单，要注意的是在生成过程中，那个pass。。设么的单词是要输入的，暂时理解成密码。不能直接回车。
             生成之后贴在网页上，此时受到了github发来邮件。如果没有设置这个密码，也会生成公钥，但是粘贴之后没有受到邮件。（不知道是不是延迟的原因，但是
             前几次粘贴/删除都没有收到邮件。
             还有一个很重要的东西，就是粘贴之后，再次使用这个语句测试，仍然出错显示被拒绝。这时再次敲入ssh-add（网上是ssh-add id rsa，但是貌似我只敲入了前面）
             提示输入那个密码。这次就OK

$ ll
总用量 12
drwxrwxr-x. 2 python python  21 3月   5 20:41 gaolei_01
    2.========这是在家目录下建的库

$ git init
重新初始化现存的 Git 版本库于 /home/python/.git/
    3.=======尝试敲入指令，这次的语句在家目录下敲入，没有在库的目录下敲入，所以显示出来的不一样。暂时不知道是否可行

$ git remote add gaolei_01 git@github.com:stonesuu/learn.git
fatal: 远程 gaolei_01 已经存在。
    4.=======在成功之后，回来看这条语句，理解为将git@github.com:stonesuu/learn.git命名为origin。因为成功的语句是git remote add origin git@github.com:stonesuu/learn.git
             之后在[python@localhost gaolei_01]$ git remote -v
                   origin  https://github.com/stonesuu/learn.git (fetch)
                   origin  https://github.com/stonesuu/learn.git (push)
              看到。这里要明白，origin已经与github上既建的库learn进行连接。所以origin已经指向那个库，不能用别的库了，应该是。
               但是我还想尝试以下用别的单词是否可行。应该可以吧。不然需要重新制定。


$ git add .
$ git push gaolei_01 master
To git@github.com:stonesuu/learn.git
 ! [rejected]        master -> master (fetch first)
error: 无法推送一些引用到 'git@github.com:stonesuu/learn.git'
提示：更新被拒绝，因为远程版本库包含您本地尚不存在的提交。这通常是因为另外
提示：一个版本库已推送了相同的引用。再次推送前，您可能需要先合并远程变更
提示：（如 'git pull'）。
提示：详见 'git push --help' 中的 'Note about fast-forwards' 小节。
     5.=========错误的尝试，后面再说。

$ git config user.name
stonesuu


$ git config user.email
365549445@qq.com




[python@localhost gaolei_01]$ git init
初始化空的 Git 版本库于 /home/python/gaolei_01/.git/
      6。========这里开始即将步上正确的道路。首先我在本地库目录的底下敲入这个命令。我猜想是需要在库目录下敲入的。

[python@localhost gaolei_01]$ git add zuoye.py
[python@localhost gaolei_01]$ git commit -m "upload to local repository"
[master（根提交） 1c1ebc8] upload to local repository
 1 file changed, 1 insertion(+)
 create mode 100644 zuoye.py
[python@localhost gaolei_01]$ git log
commit 1c1ebc80030072a3e64f84988f54593a7432a519
Author: stonesuu <365549445@qq.com>
Date:   Sun Mar 6 08:07:46 2016 +0800

    upload to local repository
      7.==========这两条指令是将zuoye.py加入到本地的库中。这里有几个问题：1.这个zuoye.py能否在别的目录下？如果在别的目录下，在git add后面增加zuoye的完整路径是否
                  可行。这么猜想的原因是既然zuoye已经在本地库的目录下，为啥还要add和commit这两个操作呢？我猜想本地库有两层意思，一层是这个目录，二层是一种数据的记录。
                   记录本地库与库内文件的关联。待会测试。
                  2.git init是否要在本地库的目录内。如果add .这里的点是指所在目录，且git init与git add .需要在一起用的话，那应该就是这样了。因为add .是把本目录中的
                  东西放到本地目录中。如果在别的目录中敲入add .的话，应该就是把那个目录下的文件上传到本地库中。


[python@localhost gaolei_01]$ git remote add origin https://github.com/stonesuu/learn.git
[python@localhost gaolei_01]$ git push -u origin master
Username for 'https://github.com': stonesuu
Password for 'https://stonesuu@github.com': 
To https://github.com/stonesuu/learn.git
 ! [rejected]        master -> master (fetch first)
error: 无法推送一些引用到 'https://github.com/stonesuu/learn.git'
提示：更新被拒绝，因为远程版本库包含您本地尚不存在的提交。这通常是因为另外
提示：一个版本库已推送了相同的引用。再次推送前，您可能需要先合并远程变更
提示：（如 'git pull'）。
提示：详见 'git push --help' 中的 'Note about fast-forwards' 小节。
       8=============origin与github中的库进行关联已经理解了，但是还是不能上传，现在的理解是，git push -u origin master,这句话将本地的master的内容上传到origin中的master进行同步。
                     语句中的msater是只本地的master。远程的默认，所以没有制定。可以制定不同的分支。但是有重要一点，如果远程上有本地没有的定西，需要先把远程的内容拉回来，让本地
                      也有相应的内容，然后再把本地的新内容家到远程。
                      
[python@localhost gaolei_01]$ git remote -v
origin	https://github.com/stonesuu/learn.git (fetch)
origin	https://github.com/stonesuu/learn.git (push)



[python@localhost gaolei_01]$ git pull origin master
warning: no common commits
remote: Counting objects: 3, done.
remote: Total 3 (delta 0), reused 0 (delta 0), pack-reused 0
Unpacking objects: 100% (3/3), done.
来自 https://github.com/stonesuu/learn
 * branch            master     -> FETCH_HEAD
Merge made by the 'recursive' strategy.
 README.md | 2 ++
 1 file changed, 2 insertions(+)
 create mode 100644 README.md
       9==============我尝试的拉了以下，成功了，把readme.md拉下来了！！！！！！！！！！

[python@localhost gaolei_01]$ ll
总用量 8
-rw-rw-r--. 1 python python 21 3月   6 08:42 README.md
-rw-rw-r--. 1 python python 10 3月   5 20:38 zuoye.py
       10===============readme.md

[python@localhost gaolei_01]$ git push -u origin master
Username for 'https://github.com': stonesuu
Password for 'https://stonesuu@github.com': 
Counting objects: 6, done.
Delta compression using up to 2 threads.
Compressing objects: 100% (3/3), done.
Writing objects: 100% (5/5), 678 bytes | 0 bytes/s, done.
Total 5 (delta 0), reused 0 (delta 0)
To https://github.com/stonesuu/learn.git
   3ba55ac..f1a28d6  master -> master
分支 master 设置为跟踪来自 origin 的远程分支 master。
        11=================这次上传就成功了！！！！！！
                           突然对master有一个感悟：master不是分支，master的位置就是库的目录下。本地和远程都是。所以master没有单独的目录，
                           理解成master就是库的根目录。branch貌似是库目录/tree/branch远程好像是这个，本地估计也是。还没试过。
        12================显示分支 master 设置为跟踪来自 origin 的远程分支 master，还是要将东西先加入本地库，再上传。这里说master是分支。。。。



[python@localhost gaolei_01]$ ll
总用量 8
-rw-rw-r--. 1 python python 21 3月   6 08:42 README.md
-rw-rw-r--. 1 python python 10 3月   5 20:38 zuoye.py
[python@localhost gaolei_01]$ mkdir testdir
[python@localhost gaolei_01]$ ll
总用量 8
-rw-rw-r--. 1 python python 21 3月   6 08:42 README.md
drwxrwxr-x. 2 python python  6 3月   6 08:56 testdir
-rw-rw-r--. 1 python python 10 3月   5 20:38 zuoye.py
        13==============想要在远程的learn下建立一个目录。作业要用到。建立一个空文件夹。


[python@localhost gaolei_01]$ git add .
[python@localhost gaolei_01]$ git commit -m "建个文件夹"
# 位于分支 master
无文件要提交，干净的工作区
[python@localhost gaolei_01]$ git push -u origin master
Username for 'https://github.com': stonesuu
Password for 'https://stonesuu@github.com': 
分支 master 设置为跟踪来自 origin 的远程分支 master。
Everything up-to-date
          14=============不报错，就是远程没有新目录。尝试在目录下放个文件再传。  


[python@localhost gaolei_01]$ cd testdir/
[python@localhost testdir]$ touch 001
[python@localhost testdir]$ git add .
[python@localhost testdir]$ git commit -m "zheci OK?"
[master 63cdb15] zheci OK?
 1 file changed, 0 insertions(+), 0 deletions(-)
 create mode 100644 testdir/001
[python@localhost testdir]$ git push -u origin master
Username for 'https://github.com': stonesuu
Password for 'https://stonesuu@github.com': 
Counting objects: 5, done.
Delta compression using up to 2 threads.
Compressing objects: 100% (2/2), done.
Writing objects: 100% (4/4), 349 bytes | 0 bytes/s, done.
Total 4 (delta 0), reused 0 (delta 0)
To https://github.com/stonesuu/learn.git
   f1a28d6..63cdb15  master -> master
分支 master 设置为跟踪来自 origin 的远程分支 master。
          15============成功。另外，发现上传的文件夹后面的commit语句不是文件夹上传时的，而是里面的001的。   



=================================================================================================================================
=================================================================================================================================
          16==========感觉奇怪。要将testdir中的心得这篇东西上传至远程。
[python@localhost testdir]$ ll
总用量 8
-rw-rw-r--. 1 python python    0 3月   6 09:00 001
-rw-rw-r--. 1 python python 7308 3月   6 09:46 github使用心得
[python@localhost testdir]$ vi github使用心得 


[python@localhost testdir]$ git init
初始化空的 Git 版本库于 /home/python/gaolei_01/testdir/.git/
[python@localhost testdir]$ git add .
[python@localhost testdir]$ git commit -m "不知道这次行不行，因为init不在根下"
[master（根提交） c7c81c7] 不知道这次行不行，因为init不在根下
 2 files changed, 176 insertions(+)
 create mode 100644 001
 create mode 100644 "github\344\275\277\347\224\250\345\277\203\345\276\227"
[python@localhost testdir]$ git push -u origin master
fatal: 'origin' does not appear to be a git repository
fatal: Could not read from remote repository.

Please make sure you have the correct access rights
and the repository exists.
           17=============这次在testdir中使用上传的语句。它在库目录的一个目录下。上传之本地貌似没啥问题。
                          但是上传远程出错了。并且连下面的语句也没有显示了。


[python@localhost testdir]$ git remote -v
[python@localhost testdir]$ ll
总用量 12
-rw-rw-r--. 1 python python    0 3月   6 09:00 001
-rw-rw-r--. 1 python python 9575 3月   6 10:59 github使用心得
[python@localhost testdir]$ vi github使用心得 
[python@localhost testdir]$ git push -u origin master
fatal: 'origin' does not appear to be a git repository
fatal: Could not read from remote repository.

Please make sure you have the correct access rights
and the repository exists.
          18===========再次尝试，不行。   


[python@localhost testdir]$ cd ..
[python@localhost gaolei_01]$ ll
总用量 8
-rw-rw-r--. 1 python python 21 3月   6 08:42 README.md
drwxrwxr-x. 3 python python 52 3月   6 11:04 testdir
-rw-rw-r--. 1 python python 10 3月   5 20:38 zuoye.py
[python@localhost gaolei_01]$ git init
重新初始化现存的 Git 版本库于 /home/python/gaolei_01/.git/
[python@localhost gaolei_01]$ git add .
[python@localhost gaolei_01]$ git push -u origin master
Username for 'https://github.com': stonesuu
Password for 'https://stonesuu@github.com': 
分支 master 设置为跟踪来自 origin 的远程分支 master。
Everything up-to-date
            19=============到根目录下重新尝试，由于认为之前已经上传至本地库了。直接上传至远程，然后没反应阿！！！！


[python@localhost gaolei_01]$ 
[python@localhost gaolei_01]$ git add .
[python@localhost gaolei_01]$ git commit -m "try again"
[master 26fe58d] try again
 1 file changed, 176 insertions(+)
 create mode 100644 "testdir/github\344\275\277\347\224\250\345\277\203\345\276\227"
[python@localhost gaolei_01]$ git push -u origin master
Username for 'https://github.com': stonesuu
Password for 'https://stonesuu@github.com': 
Counting objects: 6, done.
Delta compression using up to 2 threads.
Compressing objects: 100% (4/4), done.
Writing objects: 100% (4/4), 3.75 KiB | 0 bytes/s, done.
Total 4 (delta 0), reused 0 (delta 0)
To https://github.com/stonesuu/learn.git
   63cdb15..26fe58d  master -> master
分支 master 设置为跟踪来自 origin 的远程分支 master。
           20=============在根目录下，重新上传至本地库，然后才能上传至远程阿！！！！！！！ 




